Γû▓ Next.js 16.2.1 (Turbopack)
- Environments: .env.local

  Creating an optimized production build ...
node.exe : 
At C:\Program 
Files\nodejs\npx.ps1:29 
char:3
+   & $NODE_EXE 
$NPX_CLI_JS $args
+   ~~~~~~~~~~~~~~~~~~~~~~~
~~~~~~
    + CategoryInfo         
     : NotSpecified: (:St  
  ring) [], RemoteExcept   
 ion
    + FullyQualifiedErrorI 
   d : NativeCommandError
 
> Build error occurred
Error: Turbopack build 
failed with 8 errors:
./app/page.tsx:1:1
Module not found: Can't 
resolve 
'@/components/FeedbackForm'
[31m[1m>[0m [90m1 
|[0m [36mimport[0m 
[33mFeedbackForm[0m 
[36mfrom[0m [32m"@/compo
nents/FeedbackForm"[0m;
  [90m  |[0m [31m[1m^^^
^^^^^^^^^^^^^^^^^^^^^^^^^^^
^^^^^^^^^^^^^^^^^^^^^^^[0m
  [90m2 |[0m
  [90m3 |[0m 
[36mexport[0m 
[36mdefault[0m 
[36mfunction[0m 
[33mHome[0m() {
  [90m4 |[0m   
[36mreturn[0m (



https://nextjs.org/docs/mes
sages/module-not-found


./app/dashboard/layout.tsx:
18:1
Module not found: Can't 
resolve 
'@/components/ui/Button'
  [90m16 |[0m } 
[36mfrom[0m 
[32m"lucide-react"[0m;
  [90m17 |[0m 
[36mimport[0m { toast } 
[36mfrom[0m 
[32m"sonner"[0m;
[31m[1m>[0m [90m18 
|[0m [36mimport[0m 
[33mButton[0m 
[36mfrom[0m [32m"@/compo
nents/ui/Button"[0m;
  [90m   |[0m [31m[1m^^
^^^^^^^^^^^^^^^^^^^^^^^^^^^
^^^^^^^^^^^^^^^[0m
  [90m19 |[0m
  [90m20 |[0m 
[36mexport[0m 
[36mdefault[0m 
[36mfunction[0m 
[33mDashboardLayout[0m({ 
children }: { children: [3
3mReact[0m.[33mReactNode
[0m }) {
  [90m21 |[0m   
[36mconst[0m 
[sidebarOpen, 
setSidebarOpen] = 
useState([36mfalse[0m);



Import traces:
  Client Component Browser:
    
./app/dashboard/layout.tsx 
[Client Component Browser]
    
./app/dashboard/layout.tsx 
[Server Component]

  Client Component SSR:
    
./app/dashboard/layout.tsx 
[Client Component SSR]
    
./app/dashboard/layout.tsx 
[Server Component]

https://nextjs.org/docs/mes
sages/module-not-found


./app/dashboard/login/page.
tsx:6:1
Module not found: Can't 
resolve 
'@/components/ui/Button'
  [90m4 |[0m 
[36mimport[0m { 
useRouter } [36mfrom[0m 
[32m"next/navigation"[0m;
  [90m5 |[0m 
[36mimport[0m { toast } 
[36mfrom[0m 
[32m"sonner"[0m;
[31m[1m>[0m [90m6 
|[0m [36mimport[0m 
[33mButton[0m 
[36mfrom[0m [32m"@/compo
nents/ui/Button"[0m;
  [90m  |[0m [31m[1m^^^
^^^^^^^^^^^^^^^^^^^^^^^^^^^
^^^^^^^^^^^^^^[0m
  [90m7 |[0m 
[36mimport[0m 
[33mInput[0m 
[36mfrom[0m [32m"@/compo
nents/ui/Input"[0m;
  [90m8 |[0m 
[36mimport[0m { 
[33mCard[0m, 
[33mCardHeader[0m, 
[33mCardTitle[0m, 
[33mCardDescription[0m, 
[33mCardContent[0m, 
[33mCardFooter[0m } 
[36mfrom[0m 
[32m"@/co...[0m
  [90m9 |[0m 
[36mimport[0m { 
[33mLoader2[0m, 
[33mLock[0m, 
[33mMail[0m, 
[33mChevronLeft[0m } 
[36mfrom[0m 
[32m"lucide-react"[0m;



Import traces:
  Client Component Browser:
    ./app/dashboard/login/p
age.tsx [Client Component 
Browser]
    ./app/dashboard/login/p
age.tsx [Server Component]

  Client Component SSR:
    ./app/dashboard/login/p
age.tsx [Client Component 
SSR]
    ./app/dashboard/login/p
age.tsx [Server Component]

https://nextjs.org/docs/mes
sages/module-not-found


./app/dashboard/page.tsx:20
:1
Module not found: Can't 
resolve 
'@/components/ui/Button'
  [90m18 |[0m   
[33mLoader2[0m
  [90m19 |[0m } 
[36mfrom[0m 
[32m"lucide-react"[0m;
[31m[1m>[0m [90m20 
|[0m [36mimport[0m 
[33mButton[0m 
[36mfrom[0m [32m"@/compo
nents/ui/Button"[0m;
  [90m   |[0m [31m[1m^^
^^^^^^^^^^^^^^^^^^^^^^^^^^^
^^^^^^^^^^^^^^^[0m
  [90m21 |[0m 
[36mimport[0m 
[33mInput[0m 
[36mfrom[0m [32m"@/compo
nents/ui/Input"[0m;
  [90m22 |[0m 
[36mimport[0m { 
[33mCard[0m, 
[33mCardHeader[0m, 
[33mCardTitle[0m, 
[33mCardDescription[0m, 
[33mCardContent[0m, 
[33mCardFooter[0m } 
[36mfrom[0m 
[32m"@/c...[0m
  [90m23 |[0m 
[36mimport[0m { 
formatDistanceToNow } 
[36mfrom[0m 
[32m"date-fns"[0m;



Import traces:
  Client Component Browser:
    
./app/dashboard/page.tsx 
[Client Component Browser]
    
./app/dashboard/page.tsx 
[Server Component]

  Client Component SSR:
    
./app/dashboard/page.tsx 
[Client Component SSR]
    
./app/dashboard/page.tsx 
[Server Component]

https://nextjs.org/docs/mes
sages/module-not-found


./app/dashboard/login/page.
tsx:8:1
Module not found: Can't 
resolve 
'@/components/ui/Card'
  [90m 6 |[0m 
...[33mon[0m 
[36mfrom[0m [32m"@/compo
nents/ui/Button"[0m;
  [90m 7 |[0m 
...[33mt[0m 
[36mfrom[0m [32m"@/compo
nents/ui/Input"[0m;
[31m[1m>[0m [90m 8 
|[0m ...[33mrd[0m, 
[33mCardHeader[0m, 
[33mCardTitle[0m, 
[33mCardDescription[0m, 
[33mCardContent[0m, 
[33mCardFooter[0m } 
[36mfrom[0m 
[32m"@/component...[0m
  [90m   |[0m    [31m[1
m^^^^^^^^^^^^^^^^^^^^^^^^^^
^^^^^^^^^^^^^^^^^^^^^^^^^^^
^^^^^^^^^^^^^^^^^^^^^^^^^^^
^^^^^^^^^^[0m
  [90m 9 |[0m 
...[33mader2[0m, 
[33mLock[0m, 
[33mMail[0m, 
[33mChevronLeft[0m } 
[36mfrom[0m 
[32m"lucide-react"[0m;
  [90m10 |[0m ... 
[36mfrom[0m 
[32m"next/link"[0m;
  [90m11 |[0m ...



Import traces:
  Client Component Browser:
    ./app/dashboard/login/p
age.tsx [Client Component 
Browser]
    ./app/dashboard/login/p
age.tsx [Server Component]

  Client Component SSR:
    ./app/dashboard/login/p
age.tsx [Client Component 
SSR]
    ./app/dashboard/login/p
age.tsx [Server Component]

https://nextjs.org/docs/mes
sages/module-not-found


./app/dashboard/page.tsx:22
:1
Module not found: Can't 
resolve 
'@/components/ui/Card'
  [90m20 |[0m 
...[33mon[0m 
[36mfrom[0m [32m"@/compo
nents/ui/Button"[0m;
  [90m21 |[0m 
...[33mt[0m 
[36mfrom[0m [32m"@/compo
nents/ui/Input"[0m;
[31m[1m>[0m [90m22 
|[0m ...[33mrd[0m, 
[33mCardHeader[0m, 
[33mCardTitle[0m, 
[33mCardDescription[0m, 
[33mCardContent[0m, 
[33mCardFooter[0m } 
[36mfrom[0m 
[32m"@/component...[0m
  [90m   |[0m    [31m[1
m^^^^^^^^^^^^^^^^^^^^^^^^^^
^^^^^^^^^^^^^^^^^^^^^^^^^^^
^^^^^^^^^^^^^^^^^^^^^^^^^^^
^^^^^^^^^^[0m
  [90m23 |[0m 
...rmatDistanceToNow } 
[36mfrom[0m 
[32m"date-fns"[0m;
  [90m24 |[0m ...
  [90m25 |[0m 
...[36mult[0m 
[36mfunction[0m 
[33mDashboardPage[0m() {



Import traces:
  Client Component Browser:
    
./app/dashboard/page.tsx 
[Client Component Browser]
    
./app/dashboard/page.tsx 
[Server Component]

  Client Component SSR:
    
./app/dashboard/page.tsx 
[Client Component SSR]
    
./app/dashboard/page.tsx 
[Server Component]

https://nextjs.org/docs/mes
sages/module-not-found


./app/dashboard/login/page.
tsx:7:1
Module not found: Can't 
resolve 
'@/components/ui/Input'
  [90m 5 |[0m 
[36mimport[0m { toast } 
[36mfrom[0m 
[32m"sonner"[0m;
  [90m 6 |[0m 
[36mimport[0m 
[33mButton[0m 
[36mfrom[0m [32m"@/compo
nents/ui/Button"[0m;
[31m[1m>[0m [90m 7 
|[0m [36mimport[0m 
[33mInput[0m 
[36mfrom[0m [32m"@/compo
nents/ui/Input"[0m;
  [90m   |[0m [31m[1m^^
^^^^^^^^^^^^^^^^^^^^^^^^^^^
^^^^^^^^^^^^^[0m
  [90m 8 |[0m 
[36mimport[0m { 
[33mCard[0m, 
[33mCardHeader[0m, 
[33mCardTitle[0m, 
[33mCardDescription[0m, 
[33mCardContent[0m, 
[33mCardFooter[0m } 
[36mfrom[0m 
[32m"@/c...[0m
  [90m 9 |[0m 
[36mimport[0m { 
[33mLoader2[0m, 
[33mLock[0m, 
[33mMail[0m, 
[33mChevronLeft[0m } 
[36mfrom[0m 
[32m"lucide-react"[0m;
  [90m10 |[0m 
[36mimport[0m 
[33mLink[0m 
[36mfrom[0m 
[32m"next/link"[0m;



Import traces:
  Client Component Browser:
    ./app/dashboard/login/p
age.tsx [Client Component 
Browser]
    ./app/dashboard/login/p
age.tsx [Server Component]

  Client Component SSR:
    ./app/dashboard/login/p
age.tsx [Client Component 
SSR]
    ./app/dashboard/login/p
age.tsx [Server Component]

https://nextjs.org/docs/mes
sages/module-not-found


./app/dashboard/page.tsx:21
:1
Module not found: Can't 
resolve 
'@/components/ui/Input'
  [90m19 |[0m } 
[36mfrom[0m 
[32m"lucide-react"[0m;
  [90m20 |[0m 
[36mimport[0m 
[33mButton[0m 
[36mfrom[0m [32m"@/compo
nents/ui/Button"[0m;
[31m[1m>[0m [90m21 
|[0m [36mimport[0m 
[33mInput[0m 
[36mfrom[0m [32m"@/compo
nents/ui/Input"[0m;
  [90m   |[0m [31m[1m^^
^^^^^^^^^^^^^^^^^^^^^^^^^^^
^^^^^^^^^^^^^[0m
  [90m22 |[0m 
[36mimport[0m { 
[33mCard[0m, 
[33mCardHeader[0m, 
[33mCardTitle[0m, 
[33mCardDescription[0m, 
[33mCardContent[0m, 
[33mCardFooter[0m } 
[36mfrom[0m 
[32m"@/c...[0m
  [90m23 |[0m 
[36mimport[0m { 
formatDistanceToNow } 
[36mfrom[0m 
[32m"date-fns"[0m;
  [90m24 |[0m



Import traces:
  Client Component Browser:
    
./app/dashboard/page.tsx 
[Client Component Browser]
    
./app/dashboard/page.tsx 
[Server Component]

  Client Component SSR:
    
./app/dashboard/page.tsx 
[Client Component SSR]
    
./app/dashboard/page.tsx 
[Server Component]

https://nextjs.org/docs/mes
sages/module-not-found


    at <unknown> 
(./app/page.tsx:1:1)
    at <unknown> (https://n
extjs.org/docs/messages/mod
ule-not-found)
    at <unknown> (./app/das
hboard/layout.tsx:18:1)
    at <unknown> (https://n
extjs.org/docs/messages/mod
ule-not-found)
    at <unknown> (./app/das
hboard/login/page.tsx:6:1)
    at <unknown> (https://n
extjs.org/docs/messages/mod
ule-not-found)
    at <unknown> (./app/das
hboard/page.tsx:20:1)
    at <unknown> (https://n
extjs.org/docs/messages/mod
ule-not-found)
    at <unknown> (./app/das
hboard/login/page.tsx:8:1)
    at <unknown> (https://n
extjs.org/docs/messages/mod
ule-not-found)
    at <unknown> (./app/das
hboard/page.tsx:22:1)
    at <unknown> (https://n
extjs.org/docs/messages/mod
ule-not-found)
    at <unknown> (./app/das
hboard/login/page.tsx:7:1)
    at <unknown> (https://n
extjs.org/docs/messages/mod
ule-not-found)
    at <unknown> (./app/das
hboard/page.tsx:21:1)
    at <unknown> (https://n
extjs.org/docs/messages/mod
ule-not-found)
