  console.log
    [AI Analysis] Sending request to models/gemini-3-flash-preview...

      at log (src/services/gemini.service.js:38:13)

  console.error
    [AI SDK] Critical: GEMINI_API_KEY is not defined!

    [0m [90m  5 |[39m   [36mif[39m ([33m![39mgenAI) {
     [90m  6 |[39m     [36mif[39m ([33m![39mprocess[33m.[39menv[33m.[39m[33mGEMINI_API_KEY[39m) {
    [31m[1m>[22m[39m[90m  7 |[39m       console[33m.[39merror([32m'[AI SDK] Critical: GEMINI_API_KEY is not defined!'[39m)[33m;[39m
     [90m    |[39m               [31m[1m^[22m[39m
     [90m  8 |[39m       [36mthrow[39m [36mnew[39m [33mError[39m([32m'GEMINI_API_KEY is not defined in environment variables'[39m)[33m;[39m
     [90m  9 |[39m     }
     [90m 10 |[39m     console[33m.[39mlog([32m`[AI SDK] Initializing stable client with prefix: ${process.env.GEMINI_API_KEY.substring(0, 4)}...`[39m)[33m;[39m[0m

      at error (src/services/gemini.service.js:7:15)
      at getAI (src/services/gemini.service.js:39:19)
      at Object.analyzeFeedback (src/__tests__/gemini.test.js:30:26)

  console.error
    Gemini API Analysis Error: GEMINI_API_KEY is not defined in environment variables

    [0m [90m 58 |[39m
     [90m 59 |[39m   } [36mcatch[39m (error) {
    [31m[1m>[22m[39m[90m 60 |[39m     console[33m.[39merror([32m'Gemini API Analysis Error:'[39m[33m,[39m error[33m.[39mmessage)[33m;[39m
     [90m    |[39m             [31m[1m^[22m[39m
     [90m 61 |[39m     [36mthrow[39m error[33m;[39m
     [90m 62 |[39m   }
     [90m 63 |[39m }[33m;[39m[0m

      at error (src/services/gemini.service.js:60:13)
      at Object.analyzeFeedback (src/__tests__/gemini.test.js:30:26)

node.exe : FAIL src/__tests
__/gemini.test.js
At C:\Program 
Files\nodejs\npx.ps1:29 
char:3
+   & $NODE_EXE 
$NPX_CLI_JS $args
+   ~~~~~~~~~~~~~~~~~~~~~~~
~~~~~~
    + CategoryInfo         
     : NotSpecified: (FAI  
  L src/__tests__/gemini   
 .test.js:String) [], R    
emoteException
    + FullyQualifiedErrorI 
   d : NativeCommandError
 
  Gemini Service
    ├ù analyzeFeedback - 
mocks API call and tests 
parsing logic (38 ms)

  ΓùÅ Gemini Service ΓÇ║ 
analyzeFeedback - mocks 
API call and tests parsing 
logic

    GEMINI_API_KEY is not 
defined in environment 
variables

    [0m [90m  6 |[39m   
  [36mif[39m ([33m![39m
process[33m.[39menv[33m.
[39m[33mGEMINI_API_KEY[3
9m) {
     [90m  7 |[39m       
console[33m.[39merror([3
2m'[AI SDK] Critical: 
GEMINI_API_KEY is not 
defined!'[39m)[33m;[39m
    
[31m[1m>[22m[39m[90m  
8 |[39m       
[36mthrow[39m 
[36mnew[39m [33mError[3
9m([32m'GEMINI_API_KEY is 
not defined in environment 
variables'[39m)[33m;[39m
     [90m    |[39m       
      [31m[1m^[22m[39m
     [90m  9 |[39m     }
     [90m 10 |[39m     co
nsole[33m.[39mlog([32m`[
AI SDK] Initializing 
stable client with prefix: 
${process.env.GEMINI_API_KE
Y.substring(0, 
4)}...`[39m)[33m;[39m
     [90m 11 |[39m     
[36mtry[39m {[0m

      at getAI (src/service
s/gemini.service.js:8:13)
      at getAI (src/service
s/gemini.service.js:39:19)
      at 
Object.analyzeFeedback (src
/__tests__/gemini.test.js:3
0:26)

Test Suites: 1 failed, 1 
total
Tests:       1 failed, 1 
total
Snapshots:   0 total
Time:        2.593 s
Ran all test suites 
matching src/__tests__/gemi
ni.test.js.
